foo: baz
qux:
  - quux
  - corge
grault: quux
garply:
  - quux
  - corge
